[92mgov.im[0m[94m (FQDN)[0m [97m-->[0m [95mmx_record[0m [97m-->[0m [92mgov-im.mail.protection.outlook.com[0m[94m (FQDN)[0m
[92mgov.im[0m[94m (FQDN)[0m [97m-->[0m [95ma_record[0m [97m-->[0m [92m107.162.143.254[0m[94m (IPAddress)[0m
[92mintegratedethicsportal.gov.im[0m[94m (FQDN)[0m [97m-->[0m [95mcname_record[0m [97m-->[0m [92miom.ethicalreviewmanager.com[0m[94m (FQDN)[0m
[92mtro.gov.im[0m[94m (FQDN)[0m [97m-->[0m [95mcname_record[0m [97m-->[0m [92miomtraffweb.com[0m[94m (FQDN)[0m
[92mcastletown.gov.im[0m[94m (FQDN)[0m [97m-->[0m [95mnode[0m [97m-->[0m [92mmail.castletown.gov.im[0m[94m (FQDN)[0m
[92mcxuatc.gov.im[0m[94m (FQDN)[0m [97m-->[0m [95ma_record[0m [97m-->[0m [92m5.253.76.22[0m[94m (IPAddress)[0m
[92mconsult.gov.im[0m[94m (FQDN)[0m [97m-->[0m [95mcname_record[0m [97m-->[0m [92mcs-iomgov.delib.net[0m[94m (FQDN)[0m
[92mmail.castletown.gov.im[0m[94m (FQDN)[0m [97m-->[0m [95mcname_record[0m [97m-->[0m [92mcastletown.gov.im[0m[94m (FQDN)[0m
[92mbeta.gov.im[0m[94m (FQDN)[0m [97m-->[0m [95mcname_record[0m [97m-->[0m [92mves-io-3c4cbda8-37ac-48d0-b048-8485d6c0ab21.ac.vh.ves.io[0m[94m (FQDN)[0m
[92miepmanager.gov.im[0m[94m (FQDN)[0m [97m-->[0m [95mcname_record[0m [97m-->[0m [92miom.ethicalreviewmanager.com[0m[94m (FQDN)[0m
[92mdscsurveys.gov.im[0m[94m (FQDN)[0m [97m-->[0m [95mcname_record[0m [97m-->[0m [92mbranding.smart-survey.co.uk[0m[94m (FQDN)[0m
[92mdisclosures.gov.im[0m[94m (FQDN)[0m [97m-->[0m [95mcname_record[0m [97m-->[0m [92mves-io-3c4cbda8-37ac-48d0-b048-8485d6c0ab21.ac.vh.ves.io[0m[94m (FQDN)[0m
[92mcew2.gov.im[0m[94m (FQDN)[0m [97m-->[0m [95ma_record[0m [97m-->[0m [92m5.253.76.15[0m[94m (IPAddress)[0m
[92mcoronation.gov.im[0m[94m (FQDN)[0m [97m-->[0m [95ma_record[0m [97m-->[0m [92m107.162.143.254[0m[94m (IPAddress)[0m
[92mwebmail.douglas.gov.im[0m[94m (FQDN)[0m [97m-->[0m [95ma_record[0m [97m-->[0m [92m37.18.143.181[0m[94m (IPAddress)[0m
[92mreconciliation.gov.im[0m[94m (FQDN)[0m [97m-->[0m [95ma_record[0m [97m-->[0m [92m107.162.143.254[0m[94m (IPAddress)[0m
[92mmds.gov.im[0m[94m (FQDN)[0m [97m-->[0m [95ma_record[0m [97m-->[0m [92m5.253.76.10[0m[94m (IPAddress)[0m
[92mspx.gov.im[0m[94m (FQDN)[0m [97m-->[0m [95ma_record[0m [97m-->[0m [92m5.253.76.23[0m[94m (IPAddress)[0m
[92mmanxcare.gov.im[0m[94m (FQDN)[0m [97m-->[0m [95ma_record[0m [97m-->[0m [92m107.162.143.254[0m[94m (IPAddress)[0m
[92mdecemm.gov.im[0m[94m (FQDN)[0m [97m-->[0m [95ma_record[0m [97m-->[0m [92m5.253.76.27[0m[94m (IPAddress)[0m
[92mmaps.gov.im[0m[94m (FQDN)[0m [97m-->[0m [95ma_record[0m [97m-->[0m [92m107.162.154.124[0m[94m (IPAddress)[0m
[92mtiming.gov.im[0m[94m (FQDN)[0m [97m-->[0m [95ma_record[0m [97m-->[0m [92m5.253.76.24[0m[94m (IPAddress)[0m
[92mcovidbeta.gov.im[0m[94m (FQDN)[0m [97m-->[0m [95mcname_record[0m [97m-->[0m [92mves-io-3c4cbda8-37ac-48d0-b048-8485d6c0ab21.ac.vh.ves.io[0m[94m (FQDN)[0m
[92mcentralregistry.gov.im[0m[94m (FQDN)[0m [97m-->[0m [95mcname_record[0m [97m-->[0m [92mp72od3.isleofman.gslb.f5silverline.com[0m[94m (FQDN)[0m
[92mcrs.gov.im[0m[94m (FQDN)[0m [97m-->[0m [95ma_record[0m [97m-->[0m [92m5.253.76.1[0m[94m (IPAddress)[0m
[92marchive.douglas.gov.im[0m[94m (FQDN)[0m [97m-->[0m [95ma_record[0m [97m-->[0m [92m37.18.143.183[0m[94m (IPAddress)[0m
[92mcovid19.gov.im[0m[94m (FQDN)[0m [97m-->[0m [95ma_record[0m [97m-->[0m [92m107.162.143.254[0m[94m (IPAddress)[0m
[92mwww.emplaw.gov.im[0m[94m (FQDN)[0m [97m-->[0m [95mcname_record[0m [97m-->[0m [92mwww.emplaw.gov.im.cdn.cloudflare.net[0m[94m (FQDN)[0m
[92mrecycle.douglas.gov.im[0m[94m (FQDN)[0m [97m-->[0m [95ma_record[0m [97m-->[0m [92m37.18.143.181[0m[94m (IPAddress)[0m
[92m5.253.76.0/24[0m[94m (Netblock)[0m [97m-->[0m [95mcontains[0m [97m-->[0m [92m5.253.76.22[0m[94m (IPAddress)[0m
[92m5.253.76.0/24[0m[94m (Netblock)[0m [97m-->[0m [95mcontains[0m [97m-->[0m [92m5.253.76.15[0m[94m (IPAddress)[0m
[92m5.253.76.0/24[0m[94m (Netblock)[0m [97m-->[0m [95mcontains[0m [97m-->[0m [92m5.253.76.23[0m[94m (IPAddress)[0m
[92m5.253.76.0/24[0m[94m (Netblock)[0m [97m-->[0m [95mcontains[0m [97m-->[0m [92m5.253.76.24[0m[94m (IPAddress)[0m
[92m5.253.76.0/24[0m[94m (Netblock)[0m [97m-->[0m [95mcontains[0m [97m-->[0m [92m5.253.76.1[0m[94m (IPAddress)[0m
[92m5.253.76.0/24[0m[94m (Netblock)[0m [97m-->[0m [95mcontains[0m [97m-->[0m [92m5.253.76.10[0m[94m (IPAddress)[0m
[92m5.253.76.0/24[0m[94m (Netblock)[0m [97m-->[0m [95mcontains[0m [97m-->[0m [92m5.253.76.27[0m[94m (IPAddress)[0m
[92m107.162.143.0/24[0m[94m (Netblock)[0m [97m-->[0m [95mcontains[0m [97m-->[0m [92m107.162.143.254[0m[94m (IPAddress)[0m
[92m8680[0m[94m (ASN)[0m [97m-->[0m [95mmanaged_by[0m [97m-->[0m [92mSURE-INTERNATIONAL-LIMITED[0m[94m (RIROrganization)[0m
[92m8680[0m[94m (ASN)[0m [97m-->[0m [95mannounces[0m [97m-->[0m [92m5.253.76.0/24[0m[94m (Netblock)[0m
[92m55002[0m[94m (ASN)[0m [97m-->[0m [95mmanaged_by[0m [97m-->[0m [92mDEFENSE-NET, US[0m[94m (RIROrganization)[0m
[92m55002[0m[94m (ASN)[0m [97m-->[0m [95mannounces[0m [97m-->[0m [92m107.162.143.0/24[0m[94m (Netblock)[0m
[92mramsey.gov.im[0m[94m (FQDN)[0m [97m-->[0m [95mnode[0m [97m-->[0m [92mwww.ramsey.gov.im[0m[94m (FQDN)[0m
[92mcew1.gov.im[0m[94m (FQDN)[0m [97m-->[0m [95ma_record[0m [97m-->[0m [92m5.253.76.14[0m[94m (IPAddress)[0m
[92mdas.gov.im[0m[94m (FQDN)[0m [97m-->[0m [95ma_record[0m [97m-->[0m [92m5.253.76.6[0m[94m (IPAddress)[0m
[92mdouglas.gov.im[0m[94m (FQDN)[0m [97m-->[0m [95ma_record[0m [97m-->[0m [92m37.18.143.183[0m[94m (IPAddress)[0m
[92mdouglas.gov.im[0m[94m (FQDN)[0m [97m-->[0m [95mnode[0m [97m-->[0m [92mwebmail.douglas.gov.im[0m[94m (FQDN)[0m
[92mdouglas.gov.im[0m[94m (FQDN)[0m [97m-->[0m [95mnode[0m [97m-->[0m [92mlibrary.douglas.gov.im[0m[94m (FQDN)[0m
[92mdouglas.gov.im[0m[94m (FQDN)[0m [97m-->[0m [95mnode[0m [97m-->[0m [92marchive.douglas.gov.im[0m[94m (FQDN)[0m
[92mdouglas.gov.im[0m[94m (FQDN)[0m [97m-->[0m [95mnode[0m [97m-->[0m [92mlibrarydownload.douglas.gov.im[0m[94m (FQDN)[0m
[92mdouglas.gov.im[0m[94m (FQDN)[0m [97m-->[0m [95mnode[0m [97m-->[0m [92mrecycle.douglas.gov.im[0m[94m (FQDN)[0m
[92mlibrary.porterin.gov.im[0m[94m (FQDN)[0m [97m-->[0m [95ma_record[0m [97m-->[0m [92m62.68.188.254[0m[94m (IPAddress)[0m
[92mcdl.gov.im[0m[94m (FQDN)[0m [97m-->[0m [95mcname_record[0m [97m-->[0m [92melink-eu.azuresend.com[0m[94m (FQDN)[0m
[92mlibrary.douglas.gov.im[0m[94m (FQDN)[0m [97m-->[0m [95ma_record[0m [97m-->[0m [92m37.18.143.181[0m[94m (IPAddress)[0m
[92mpgpg.gov.im[0m[94m (FQDN)[0m [97m-->[0m [95ma_record[0m [97m-->[0m [92m5.253.76.40[0m[94m (IPAddress)[0m
[92mwww.ramsey.gov.im[0m[94m (FQDN)[0m [97m-->[0m [95mcname_record[0m [97m-->[0m [92mramsey.gov.im[0m[94m (FQDN)[0m
[92mlibrarydownload.douglas.gov.im[0m[94m (FQDN)[0m [97m-->[0m [95mcname_record[0m [97m-->[0m [92mdouglasbcuk.lib.overdrive.com[0m[94m (FQDN)[0m
[92mwww.portstmary.gov.im[0m[94m (FQDN)[0m [97m-->[0m [95ma_record[0m [97m-->[0m [92m193.189.75.111[0m[94m (IPAddress)[0m
[92mwww.ecommerce.gov.im[0m[94m (FQDN)[0m [97m-->[0m [95mcname_record[0m [97m-->[0m [92mwww.ecommerce.gov.im.cdn.cloudflare.net[0m[94m (FQDN)[0m
[92m5.253.76.0/24[0m[94m (Netblock)[0m [97m-->[0m [95mcontains[0m [97m-->[0m [92m5.253.76.14[0m[94m (IPAddress)[0m
[92m5.253.76.0/24[0m[94m (Netblock)[0m [97m-->[0m [95mcontains[0m [97m-->[0m [92m5.253.76.6[0m[94m (IPAddress)[0m
[92m5.253.76.0/24[0m[94m (Netblock)[0m [97m-->[0m [95mcontains[0m [97m-->[0m [92m5.253.76.40[0m[94m (IPAddress)[0m
[92m193.189.74.0/23[0m[94m (Netblock)[0m [97m-->[0m [95mcontains[0m [97m-->[0m [92m193.189.75.111[0m[94m (IPAddress)[0m
[92m107.162.154.0/24[0m[94m (Netblock)[0m [97m-->[0m [95mcontains[0m [97m-->[0m [92m107.162.154.124[0m[94m (IPAddress)[0m
[92m37.18.142.0/23[0m[94m (Netblock)[0m [97m-->[0m [95mcontains[0m [97m-->[0m [92m37.18.143.183[0m[94m (IPAddress)[0m
[92m37.18.142.0/23[0m[94m (Netblock)[0m [97m-->[0m [95mcontains[0m [97m-->[0m [92m37.18.143.181[0m[94m (IPAddress)[0m
[92m62.68.188.0/22[0m[94m (Netblock)[0m [97m-->[0m [95mcontains[0m [97m-->[0m [92m62.68.188.254[0m[94m (IPAddress)[0m
[92m8680[0m[94m (ASN)[0m [97m-->[0m [95mmanaged_by[0m [97m-->[0m [92mSURE-INTERNATIONAL-LIMITED, GB[0m[94m (RIROrganization)[0m
[92m8680[0m[94m (ASN)[0m [97m-->[0m [95mannounces[0m [97m-->[0m [92m37.18.142.0/23[0m[94m (Netblock)[0m
[92m8680[0m[94m (ASN)[0m [97m-->[0m [95mannounces[0m [97m-->[0m [92m62.68.188.0/22[0m[94m (Netblock)[0m
[92m9009[0m[94m (ASN)[0m [97m-->[0m [95mmanaged_by[0m [97m-->[0m [92mM247[0m[94m (RIROrganization)[0m
[92m9009[0m[94m (ASN)[0m [97m-->[0m [95mannounces[0m [97m-->[0m [92m193.189.74.0/23[0m[94m (Netblock)[0m
[92m55002[0m[94m (ASN)[0m [97m-->[0m [95mannounces[0m [97m-->[0m [92m107.162.154.0/24[0m[94m (Netblock)[0m
[92mreadthesigns.gov.im[0m[94m (FQDN)[0m [97m-->[0m [95ma_record[0m [97m-->[0m [92m5.253.76.136[0m[94m (IPAddress)[0m
[92mhost01.gov.im[0m[94m (FQDN)[0m [97m-->[0m [95ma_record[0m [97m-->[0m [92m193.219.111.245[0m[94m (IPAddress)[0m
[92mextranet.gov.im[0m[94m (FQDN)[0m [97m-->[0m [95ma_record[0m [97m-->[0m [92m195.10.114.201[0m[94m (IPAddress)[0m
[92mmail.portstmary.gov.im[0m[94m (FQDN)[0m [97m-->[0m [95ma_record[0m [97m-->[0m [92m213.137.0.253[0m[94m (IPAddress)[0m
[92m5.253.76.0/24[0m[94m (Netblock)[0m [97m-->[0m [95mcontains[0m [97m-->[0m [92m5.253.76.136[0m[94m (IPAddress)[0m
[92m195.10.112.0/20[0m[94m (Netblock)[0m [97m-->[0m [95mcontains[0m [97m-->[0m [92m195.10.114.201[0m[94m (IPAddress)[0m
[92m8680[0m[94m (ASN)[0m [97m-->[0m [95mmanaged_by[0m [97m-->[0m [92mAS8680 - Sure (Guernsey) Limited[0m[94m (RIROrganization)[0m
[92m13122[0m[94m (ASN)[0m [97m-->[0m [95mmanaged_by[0m [97m-->[0m [92mMANX-AS MANX-TELECOM Autonomous System, IM[0m[94m (RIROrganization)[0m
[92m13122[0m[94m (ASN)[0m [97m-->[0m [95mannounces[0m [97m-->[0m [92m195.10.112.0/20[0m[94m (Netblock)[0m
[92mcastletown.gov.im[0m[94m (FQDN)[0m [97m-->[0m [95ma_record[0m [97m-->[0m [92m77.72.0.174[0m[94m (IPAddress)[0m
[92memplaw.gov.im[0m[94m (FQDN)[0m [97m-->[0m [95ma_record[0m [97m-->[0m [92m107.162.143.254[0m[94m (IPAddress)[0m
[92mra.gov.im[0m[94m (FQDN)[0m [97m-->[0m [95ma_record[0m [97m-->[0m [92m5.253.76.16[0m[94m (IPAddress)[0m
[92m9.76.253.5.in-addr.arpa[0m[94m (FQDN)[0m [97m-->[0m [95mptr_record[0m [97m-->[0m [92msmdmu.gov.im[0m[94m (FQDN)[0m
[92mmtr.gov.im[0m[94m (FQDN)[0m [97m-->[0m [95ma_record[0m [97m-->[0m [92m5.253.76.12[0m[94m (IPAddress)[0m
[92m24.76.253.5.in-addr.arpa[0m[94m (FQDN)[0m [97m-->[0m [95mptr_record[0m [97m-->[0m [92mtiming.gov.im[0m[94m (FQDN)[0m
[92m97.76.253.5.in-addr.arpa[0m[94m (FQDN)[0m [97m-->[0m [95mptr_record[0m [97m-->[0m [92mip-76-97.gov.im[0m[94m (FQDN)[0m
[92m193.219.111.0/24[0m[94m (Netblock)[0m [97m-->[0m [95mcontains[0m [97m-->[0m [92m193.219.111.245[0m[94m (IPAddress)[0m
[92m44481[0m[94m (ASN)[0m [97m-->[0m [95mmanaged_by[0m [97m-->[0m [92mPDMS-AS + import from upstream[0m[94m (RIROrganization)[0m
[92m44481[0m[94m (ASN)[0m [97m-->[0m [95mannounces[0m [97m-->[0m [92m193.219.111.0/24[0m[94m (Netblock)[0m
[92m40.76.253.5.in-addr.arpa[0m[94m (FQDN)[0m [97m-->[0m [95mptr_record[0m [97m-->[0m [92mip-76-40.gov.im[0m[94m (FQDN)[0m
[92m4.76.253.5.in-addr.arpa[0m[94m (FQDN)[0m [97m-->[0m [95mptr_record[0m [97m-->[0m [92mip-76-4.gov.im[0m[94m (FQDN)[0m
[92m31.76.253.5.in-addr.arpa[0m[94m (FQDN)[0m [97m-->[0m [95mptr_record[0m [97m-->[0m [92mip-76-31.gov.im[0m[94m (FQDN)[0m
[92m11.76.253.5.in-addr.arpa[0m[94m (FQDN)[0m [97m-->[0m [95mptr_record[0m [97m-->[0m [92mmse.gov.im[0m[94m (FQDN)[0m
[92m39.76.253.5.in-addr.arpa[0m[94m (FQDN)[0m [97m-->[0m [95mptr_record[0m [97m-->[0m [92mip-76-39.gov.im[0m[94m (FQDN)[0m
[92m0.76.253.5.in-addr.arpa[0m[94m (FQDN)[0m [97m-->[0m [95mptr_record[0m [97m-->[0m [92mip-76-0.gov.im[0m[94m (FQDN)[0m
[92m66.76.253.5.in-addr.arpa[0m[94m (FQDN)[0m [97m-->[0m [95mptr_record[0m [97m-->[0m [92mip-76-66.gov.im[0m[94m (FQDN)[0m
[92m48.76.253.5.in-addr.arpa[0m[94m (FQDN)[0m [97m-->[0m [95mptr_record[0m [97m-->[0m [92mip-76-48.gov.im[0m[94m (FQDN)[0m
[92m115.76.253.5.in-addr.arpa[0m[94m (FQDN)[0m [97m-->[0m [95mptr_record[0m [97m-->[0m [92mip-76-115.gov.im[0m[94m (FQDN)[0m
[92m82.76.253.5.in-addr.arpa[0m[94m (FQDN)[0m [97m-->[0m [95mptr_record[0m [97m-->[0m [92mip-76-82.gov.im[0m[94m (FQDN)[0m
[92m26.76.253.5.in-addr.arpa[0m[94m (FQDN)[0m [97m-->[0m [95mptr_record[0m [97m-->[0m [92mmra.gov.im[0m[94m (FQDN)[0m
[92m73.76.253.5.in-addr.arpa[0m[94m (FQDN)[0m [97m-->[0m [95mptr_record[0m [97m-->[0m [92mip-76-73.gov.im[0m[94m (FQDN)[0m
[92m78.76.253.5.in-addr.arpa[0m[94m (FQDN)[0m [97m-->[0m [95mptr_record[0m [97m-->[0m [92mip-76-78.gov.im[0m[94m (FQDN)[0m
[92m111.76.253.5.in-addr.arpa[0m[94m (FQDN)[0m [97m-->[0m [95mptr_record[0m [97m-->[0m [92mip-76-111.gov.im[0m[94m (FQDN)[0m
[92m5.253.76.0/24[0m[94m (Netblock)[0m [97m-->[0m [95mcontains[0m [97m-->[0m [92m5.253.76.16[0m[94m (IPAddress)[0m
[92m5.253.76.0/24[0m[94m (Netblock)[0m [97m-->[0m [95mcontains[0m [97m-->[0m [92m5.253.76.12[0m[94m (IPAddress)[0m
[92m77.72.0.0/21[0m[94m (Netblock)[0m [97m-->[0m [95mcontains[0m [97m-->[0m [92m77.72.0.174[0m[94m (IPAddress)[0m
[92m213.137.0.0/19[0m[94m (Netblock)[0m [97m-->[0m [95mcontains[0m [97m-->[0m [92m213.137.0.253[0m[94m (IPAddress)[0m
[92m13122[0m[94m (ASN)[0m [97m-->[0m [95mannounces[0m [97m-->[0m [92m213.137.0.0/19[0m[94m (Netblock)[0m
[92m12488[0m[94m (ASN)[0m [97m-->[0m [95mmanaged_by[0m [97m-->[0m [92mKRYSTAL[0m[94m (RIROrganization)[0m
[92m12488[0m[94m (ASN)[0m [97m-->[0m [95mannounces[0m [97m-->[0m [92m77.72.0.0/21[0m[94m (Netblock)[0m
[92mstart.gov.im[0m[94m (FQDN)[0m [97m-->[0m [95ma_record[0m [97m-->[0m [92m5.253.76.25[0m[94m (IPAddress)[0m
[92m6.76.253.5.in-addr.arpa[0m[94m (FQDN)[0m [97m-->[0m [95mptr_record[0m [97m-->[0m [92mdas.gov.im[0m[94m (FQDN)[0m
[92m33.76.253.5.in-addr.arpa[0m[94m (FQDN)[0m [97m-->[0m [95mptr_record[0m [97m-->[0m [92mip-76-33.gov.im[0m[94m (FQDN)[0m
[92m72.76.253.5.in-addr.arpa[0m[94m (FQDN)[0m [97m-->[0m [95mptr_record[0m [97m-->[0m [92mip-76-72.gov.im[0m[94m (FQDN)[0m
[92m19.76.253.5.in-addr.arpa[0m[94m (FQDN)[0m [97m-->[0m [95mptr_record[0m [97m-->[0m [92mesmdmu.gov.im[0m[94m (FQDN)[0m
[92m102.76.253.5.in-addr.arpa[0m[94m (FQDN)[0m [97m-->[0m [95mptr_record[0m [97m-->[0m [92mip-76-102.gov.im[0m[94m (FQDN)[0m
[92m99.76.253.5.in-addr.arpa[0m[94m (FQDN)[0m [97m-->[0m [95mptr_record[0m [97m-->[0m [92mip-76-99.gov.im[0m[94m (FQDN)[0m
[92miom.ethicalreviewmanager.com[0m[94m (FQDN)[0m [97m-->[0m [95mcname_record[0m [97m-->[0m [92mukazcluster1.ethicalreviewmanager.com[0m[94m (FQDN)[0m
[92mmsr.gov.im[0m[94m (FQDN)[0m [97m-->[0m [95ma_record[0m [97m-->[0m [92m107.162.143.254[0m[94m (IPAddress)[0m
[92mmanngis.gov.im[0m[94m (FQDN)[0m [97m-->[0m [95ma_record[0m [97m-->[0m [92m5.253.76.134[0m[94m (IPAddress)[0m
[92mportstmary.gov.im[0m[94m (FQDN)[0m [97m-->[0m [95ma_record[0m [97m-->[0m [92m193.189.75.111[0m[94m (IPAddress)[0m
[92mportstmary.gov.im[0m[94m (FQDN)[0m [97m-->[0m [95mns_record[0m [97m-->[0m [92mns0.manx.net[0m[94m (FQDN)[0m
[92mportstmary.gov.im[0m[94m (FQDN)[0m [97m-->[0m [95mns_record[0m [97m-->[0m [92mns1.manx.net[0m[94m (FQDN)[0m
[92mportstmary.gov.im[0m[94m (FQDN)[0m [97m-->[0m [95mmx_record[0m [97m-->[0m [92mportstmary-gov-im.mail.eo.outlook.com[0m[94m (FQDN)[0m
[92mportstmary.gov.im[0m[94m (FQDN)[0m [97m-->[0m [95mnode[0m [97m-->[0m [92mmail.portstmary.gov.im[0m[94m (FQDN)[0m
[92mportstmary.gov.im[0m[94m (FQDN)[0m [97m-->[0m [95mnode[0m [97m-->[0m [92mwww.portstmary.gov.im[0m[94m (FQDN)[0m
[92miomtraffweb.com[0m[94m (FQDN)[0m [97m-->[0m [95ma_record[0m [97m-->[0m [92m45.83.122.57[0m[94m (IPAddress)[0m
[92mcastletown.gov.im[0m[94m (FQDN)[0m [97m-->[0m [95mmx_record[0m [97m-->[0m [92mcastletown-gov-im.mail.protection.outlook.com[0m[94m (FQDN)[0m
[92mcastletown.gov.im[0m[94m (FQDN)[0m [97m-->[0m [95mns_record[0m [97m-->[0m [92mns1.cloudhosting.co.uk[0m[94m (FQDN)[0m
[92mcastletown.gov.im[0m[94m (FQDN)[0m [97m-->[0m [95mns_record[0m [97m-->[0m [92mns2.cloudhosting.co.uk[0m[94m (FQDN)[0m
[92mcastletown.gov.im[0m[94m (FQDN)[0m [97m-->[0m [95mnode[0m [97m-->[0m [92mwebmail.castletown.gov.im[0m[94m (FQDN)[0m
[92mcastletown.gov.im[0m[94m (FQDN)[0m [97m-->[0m [95mnode[0m [97m-->[0m [92mwebdisk.castletown.gov.im[0m[94m (FQDN)[0m
[92mwww.quit4you.gov.im[0m[94m (FQDN)[0m [97m-->[0m [95mcname_record[0m [97m-->[0m [92mwww.quit4you.gov.im.cdn.cloudflare.net[0m[94m (FQDN)[0m
[92mwww.quit4you.gov.im.cdn.cloudflare.net[0m[94m (FQDN)[0m [97m-->[0m [95ma_record[0m [97m-->[0m [92m172.67.143.180[0m[94m (IPAddress)[0m
[92mwww.quit4you.gov.im.cdn.cloudflare.net[0m[94m (FQDN)[0m [97m-->[0m [95ma_record[0m [97m-->[0m [92m104.21.71.54[0m[94m (IPAddress)[0m
[92mves-io-3c4cbda8-37ac-48d0-b048-8485d6c0ab21.ac.vh.ves.io[0m[94m (FQDN)[0m [97m-->[0m [95ma_record[0m [97m-->[0m [92m159.60.128.158[0m[94m (IPAddress)[0m
[92mforms.gov.im[0m[94m (FQDN)[0m [97m-->[0m [95ma_record[0m [97m-->[0m [92m107.162.154.130[0m[94m (IPAddress)[0m
[92memmu.gov.im[0m[94m (FQDN)[0m [97m-->[0m [95ma_record[0m [97m-->[0m [92m5.253.76.28[0m[94m (IPAddress)[0m
[92mwww.fsc.gov.im[0m[94m (FQDN)[0m [97m-->[0m [95mcname_record[0m [97m-->[0m [92mwww.fsc.gov.im.cdn.cloudflare.net[0m[94m (FQDN)[0m
[92mwww.fsc.gov.im.cdn.cloudflare.net[0m[94m (FQDN)[0m [97m-->[0m [95ma_record[0m [97m-->[0m [92m172.67.143.180[0m[94m (IPAddress)[0m
[92mwww.fsc.gov.im.cdn.cloudflare.net[0m[94m (FQDN)[0m [97m-->[0m [95ma_record[0m [97m-->[0m [92m104.21.71.54[0m[94m (IPAddress)[0m
[92mlegislation.gov.im[0m[94m (FQDN)[0m [97m-->[0m [95ma_record[0m [97m-->[0m [92m35.213.158.26[0m[94m (IPAddress)[0m
[92mlegislation.gov.im[0m[94m (FQDN)[0m [97m-->[0m [95mns_record[0m [97m-->[0m [92mpebbles.iom.com[0m[94m (FQDN)[0m
[92mlegislation.gov.im[0m[94m (FQDN)[0m [97m-->[0m [95mns_record[0m [97m-->[0m [92mbarney.advsys.co.uk[0m[94m (FQDN)[0m
[92mlegislation.gov.im[0m[94m (FQDN)[0m [97m-->[0m [95mnode[0m [97m-->[0m [92mwww.legislation.gov.im[0m[94m (FQDN)[0m
[92mfunction.douglas.gov.im[0m[94m (FQDN)[0m [97m-->[0m [95ma_record[0m [97m-->[0m [92m37.18.143.183[0m[94m (IPAddress)[0m
[92mramsey.gov.im[0m[94m (FQDN)[0m [97m-->[0m [95ma_record[0m [97m-->[0m [92m109.228.18.213[0m[94m (IPAddress)[0m
[92mramsey.gov.im[0m[94m (FQDN)[0m [97m-->[0m [95mns_record[0m [97m-->[0m [92mns1.mordus.co.uk[0m[94m (FQDN)[0m
[92mramsey.gov.im[0m[94m (FQDN)[0m [97m-->[0m [95mns_record[0m [97m-->[0m [92mns2.mordus.co.uk[0m[94m (FQDN)[0m
[92mramsey.gov.im[0m[94m (FQDN)[0m [97m-->[0m [95mmx_record[0m [97m-->[0m [92mmail.ramsey.gov.im[0m[94m (FQDN)[0m
[92mramsey.gov.im[0m[94m (FQDN)[0m [97m-->[0m [95mnode[0m [97m-->[0m [92mwebmail.ramsey.gov.im[0m[94m (FQDN)[0m
[92mramsey.gov.im[0m[94m (FQDN)[0m [97m-->[0m [95mnode[0m [97m-->[0m [92mmail.ramsey.gov.im[0m[94m (FQDN)[0m
[92mhrbeta.gov.im[0m[94m (FQDN)[0m [97m-->[0m [95ma_record[0m [97m-->[0m [92m107.162.155.248[0m[94m (IPAddress)[0m
[92mo1.ptr5094.gov.im[0m[94m (FQDN)[0m [97m-->[0m [95ma_record[0m [97m-->[0m [92m50.31.63.186[0m[94m (IPAddress)[0m
[92marbrus.gov.im[0m[94m (FQDN)[0m [97m-->[0m [95ma_record[0m [97m-->[0m [92m185.151.30.171[0m[94m (IPAddress)[0m
[92marbrus.gov.im[0m[94m (FQDN)[0m [97m-->[0m [95maaaa_record[0m [97m-->[0m [92m2a07:7800::171[0m[94m (IPAddress)[0m
[92msafeguardingbeta.gov.im[0m[94m (FQDN)[0m [97m-->[0m [95ma_record[0m [97m-->[0m [92m107.162.155.248[0m[94m (IPAddress)[0m
[92mwebmail.ramsey.gov.im[0m[94m (FQDN)[0m [97m-->[0m [95ma_record[0m [97m-->[0m [92m109.228.18.213[0m[94m (IPAddress)[0m
[92mguestwifi.gov.im[0m[94m (FQDN)[0m [97m-->[0m [95ma_record[0m [97m-->[0m [92m10.10.10.10[0m[94m (IPAddress)[0m
[92mpayments.douglas.gov.im[0m[94m (FQDN)[0m [97m-->[0m [95ma_record[0m [97m-->[0m [92m37.18.143.183[0m[94m (IPAddress)[0m
[92mcompaniesregistry.gov.im[0m[94m (FQDN)[0m [97m-->[0m [95ma_record[0m [97m-->[0m [92m107.162.143.254[0m[94m (IPAddress)[0m
[92mwww.e-xceptional.gov.im[0m[94m (FQDN)[0m [97m-->[0m [95ma_record[0m [97m-->[0m [92m107.162.143.254[0m[94m (IPAddress)[0m
[92mucmbeta.gov.im[0m[94m (FQDN)[0m [97m-->[0m [95ma_record[0m [97m-->[0m [92m107.162.155.248[0m[94m (IPAddress)[0m
[92mportal.gov.im[0m[94m (FQDN)[0m [97m-->[0m [95ma_record[0m [97m-->[0m [92m195.10.114.201[0m[94m (IPAddress)[0m
[92mlm.gov.im[0m[94m (FQDN)[0m [97m-->[0m [95ma_record[0m [97m-->[0m [92m195.10.114.221[0m[94m (IPAddress)[0m
[92miomfsabeta.gov.im[0m[94m (FQDN)[0m [97m-->[0m [95ma_record[0m [97m-->[0m [92m107.162.155.248[0m[94m (IPAddress)[0m
[92mdas2.gov.im[0m[94m (FQDN)[0m [97m-->[0m [95ma_record[0m [97m-->[0m [92m5.253.76.20[0m[94m (IPAddress)[0m
[92miomfire-gbos.gov.im[0m[94m (FQDN)[0m [97m-->[0m [95ma_record[0m [97m-->[0m [92m107.162.136.52[0m[94m (IPAddress)[0m
[92m110.76.253.5.in-addr.arpa[0m[94m (FQDN)[0m [97m-->[0m [95mptr_record[0m [97m-->[0m [92mip-76-110.gov.im[0m[94m (FQDN)[0m
[92m44.76.253.5.in-addr.arpa[0m[94m (FQDN)[0m [97m-->[0m [95mptr_record[0m [97m-->[0m [92mip-76-44.gov.im[0m[94m (FQDN)[0m
[92m104.76.253.5.in-addr.arpa[0m[94m (FQDN)[0m [97m-->[0m [95mptr_record[0m [97m-->[0m [92mip-76-104.gov.im[0m[94m (FQDN)[0m
[92m91.76.253.5.in-addr.arpa[0m[94m (FQDN)[0m [97m-->[0m [95mptr_record[0m [97m-->[0m [92mip-76-91.gov.im[0m[94m (FQDN)[0m
[92m58.76.253.5.in-addr.arpa[0m[94m (FQDN)[0m [97m-->[0m [95mptr_record[0m [97m-->[0m [92mip-76-58.gov.im[0m[94m (FQDN)[0m
[92m56.76.253.5.in-addr.arpa[0m[94m (FQDN)[0m [97m-->[0m [95mptr_record[0m [97m-->[0m [92mip-76-56.gov.im[0m[94m (FQDN)[0m
[92m67.76.253.5.in-addr.arpa[0m[94m (FQDN)[0m [97m-->[0m [95mptr_record[0m [97m-->[0m [92mip-76-67.gov.im[0m[94m (FQDN)[0m
[92m43.76.253.5.in-addr.arpa[0m[94m (FQDN)[0m [97m-->[0m [95mptr_record[0m [97m-->[0m [92mip-76-43.gov.im[0m[94m (FQDN)[0m
[92mceservices.gov.im[0m[94m (FQDN)[0m [97m-->[0m [95ma_record[0m [97m-->[0m [92m107.162.234.135[0m[94m (IPAddress)[0m
[92msmdmu.gov.im[0m[94m (FQDN)[0m [97m-->[0m [95ma_record[0m [97m-->[0m [92m5.253.76.9[0m[94m (IPAddress)[0m
[92m94.76.253.5.in-addr.arpa[0m[94m (FQDN)[0m [97m-->[0m [95mptr_record[0m [97m-->[0m [92mip-76-94.gov.im[0m[94m (FQDN)[0m
[92m109.76.253.5.in-addr.arpa[0m[94m (FQDN)[0m [97m-->[0m [95mptr_record[0m [97m-->[0m [92mip-76-109.gov.im[0m[94m (FQDN)[0m
[92m83.76.253.5.in-addr.arpa[0m[94m (FQDN)[0m [97m-->[0m [95mptr_record[0m [97m-->[0m [92mip-76-83.gov.im[0m[94m (FQDN)[0m
[92mns1.mordus.co.uk[0m[94m (FQDN)[0m [97m-->[0m [95ma_record[0m [97m-->[0m [92m109.228.18.213[0m[94m (IPAddress)[0m
[92mmail.ramsey.gov.im[0m[94m (FQDN)[0m [97m-->[0m [95ma_record[0m [97m-->[0m [92m109.228.18.213[0m[94m (IPAddress)[0m
[92m25.76.253.5.in-addr.arpa[0m[94m (FQDN)[0m [97m-->[0m [95mptr_record[0m [97m-->[0m [92mstart.gov.im[0m[94m (FQDN)[0m
[92m95.76.253.5.in-addr.arpa[0m[94m (FQDN)[0m [97m-->[0m [95mptr_record[0m [97m-->[0m [92mip-76-95.gov.im[0m[94m (FQDN)[0m
[92m8.76.253.5.in-addr.arpa[0m[94m (FQDN)[0m [97m-->[0m [95mptr_record[0m [97m-->[0m [92mtmdmu.gov.im[0m[94m (FQDN)[0m
[92mtmdmu.gov.im[0m[94m (FQDN)[0m [97m-->[0m [95ma_record[0m [97m-->[0m [92m5.253.76.8[0m[94m (IPAddress)[0m
[92m54.76.253.5.in-addr.arpa[0m[94m (FQDN)[0m [97m-->[0m [95mptr_record[0m [97m-->[0m [92mip-76-54.gov.im[0m[94m (FQDN)[0m
[92m2.76.253.5.in-addr.arpa[0m[94m (FQDN)[0m [97m-->[0m [95mptr_record[0m [97m-->[0m [92mrhenwyllan.gov.im[0m[94m (FQDN)[0m
[92m18.76.253.5.in-addr.arpa[0m[94m (FQDN)[0m [97m-->[0m [95mptr_record[0m [97m-->[0m [92memm.gov.im[0m[94m (FQDN)[0m
[92memm.gov.im[0m[94m (FQDN)[0m [97m-->[0m [95ma_record[0m [97m-->[0m [92m5.253.76.18[0m[94m (IPAddress)[0m
[92meducationsupply.gov.im[0m[94m (FQDN)[0m [97m-->[0m [95ma_record[0m [97m-->[0m [92m34.249.135.223[0m[94m (IPAddress)[0m
[92mesmdmu.gov.im[0m[94m (FQDN)[0m [97m-->[0m [95ma_record[0m [97m-->[0m [92m5.253.76.19[0m[94m (IPAddress)[0m
[92m65.76.253.5.in-addr.arpa[0m[94m (FQDN)[0m [97m-->[0m [95mptr_record[0m [97m-->[0m [92mip-76-65.gov.im[0m[94m (FQDN)[0m
[92m1.76.253.5.in-addr.arpa[0m[94m (FQDN)[0m [97m-->[0m [95mptr_record[0m [97m-->[0m [92mdccluster.gov.im[0m[94m (FQDN)[0m
[92mmse.gov.im[0m[94m (FQDN)[0m [97m-->[0m [95ma_record[0m [97m-->[0m [92m5.253.76.11[0m[94m (IPAddress)[0m
[92mdouglas.gov.im[0m[94m (FQDN)[0m [97m-->[0m [95mns_record[0m [97m-->[0m [92mpebbles.iom.com[0m[94m (FQDN)[0m
[92mdouglas.gov.im[0m[94m (FQDN)[0m [97m-->[0m [95mns_record[0m [97m-->[0m [92mbarney.advsys.co.uk[0m[94m (FQDN)[0m
[92mdouglas.gov.im[0m[94m (FQDN)[0m [97m-->[0m [95mnode[0m [97m-->[0m [92mfunction.douglas.gov.im[0m[94m (FQDN)[0m
[92mdouglas.gov.im[0m[94m (FQDN)[0m [97m-->[0m [95mnode[0m [97m-->[0m [92mpayments.douglas.gov.im[0m[94m (FQDN)[0m
[92mdouglas.gov.im[0m[94m (FQDN)[0m [97m-->[0m [95mnode[0m [97m-->[0m [92mwww.douglas.gov.im[0m[94m (FQDN)[0m
[92mdouglas.gov.im[0m[94m (FQDN)[0m [97m-->[0m [95mnode[0m [97m-->[0m [92mbuildingcontrol.douglas.gov.im[0m[94m (FQDN)[0m
[92mdouglas.gov.im[0m[94m (FQDN)[0m [97m-->[0m [95mmx_record[0m [97m-->[0m [92muk.mx2.mx25.net[0m[94m (FQDN)[0m
[92mdouglas.gov.im[0m[94m (FQDN)[0m [97m-->[0m [95mmx_record[0m [97m-->[0m [92muk.mx4.mx25.net[0m[94m (FQDN)[0m
[92mdouglas.gov.im[0m[94m (FQDN)[0m [97m-->[0m [95mmx_record[0m [97m-->[0m [92muk.mx3.mailanyone.net[0m[94m (FQDN)[0m
[92mdouglas.gov.im[0m[94m (FQDN)[0m [97m-->[0m [95mmx_record[0m [97m-->[0m [92muk.mx1.mailanyone.net[0m[94m (FQDN)[0m
[92m80.76.253.5.in-addr.arpa[0m[94m (FQDN)[0m [97m-->[0m [95mptr_record[0m [97m-->[0m [92mip-76-80.gov.im[0m[94m (FQDN)[0m
[92m12.76.253.5.in-addr.arpa[0m[94m (FQDN)[0m [97m-->[0m [95mptr_record[0m [97m-->[0m [92mmtr.gov.im[0m[94m (FQDN)[0m
[92mgrenaby.gov.im[0m[94m (FQDN)[0m [97m-->[0m [95ma_record[0m [97m-->[0m [92m5.253.76.23[0m[94m (IPAddress)[0m
[92m101.76.253.5.in-addr.arpa[0m[94m (FQDN)[0m [97m-->[0m [95mptr_record[0m [97m-->[0m [92mip-76-101.gov.im[0m[94m (FQDN)[0m
[92m38.76.253.5.in-addr.arpa[0m[94m (FQDN)[0m [97m-->[0m [95mptr_record[0m [97m-->[0m [92mip-76-38.gov.im[0m[94m (FQDN)[0m
[92m105.76.253.5.in-addr.arpa[0m[94m (FQDN)[0m [97m-->[0m [95mptr_record[0m [97m-->[0m [92mip-76-105.gov.im[0m[94m (FQDN)[0m
[92m70.76.253.5.in-addr.arpa[0m[94m (FQDN)[0m [97m-->[0m [95mptr_record[0m [97m-->[0m [92mip-76-70.gov.im[0m[94m (FQDN)[0m
[92m49.76.253.5.in-addr.arpa[0m[94m (FQDN)[0m [97m-->[0m [95mptr_record[0m [97m-->[0m [92mip-76-49.gov.im[0m[94m (FQDN)[0m
[92m75.76.253.5.in-addr.arpa[0m[94m (FQDN)[0m [97m-->[0m [95mptr_record[0m [97m-->[0m [92mip-76-75.gov.im[0m[94m (FQDN)[0m
[92m61.76.253.5.in-addr.arpa[0m[94m (FQDN)[0m [97m-->[0m [95mptr_record[0m [97m-->[0m [92mip-76-61.gov.im[0m[94m (FQDN)[0m
[92m90.76.253.5.in-addr.arpa[0m[94m (FQDN)[0m [97m-->[0m [95mptr_record[0m [97m-->[0m [92mip-76-90.gov.im[0m[94m (FQDN)[0m
[92mwww.douglas.gov.im[0m[94m (FQDN)[0m [97m-->[0m [95ma_record[0m [97m-->[0m [92m37.18.143.183[0m[94m (IPAddress)[0m
[92m81.76.253.5.in-addr.arpa[0m[94m (FQDN)[0m [97m-->[0m [95mptr_record[0m [97m-->[0m [92mip-76-81.gov.im[0m[94m (FQDN)[0m
[92m84.76.253.5.in-addr.arpa[0m[94m (FQDN)[0m [97m-->[0m [95mptr_record[0m [97m-->[0m [92mip-76-84.gov.im[0m[94m (FQDN)[0m
[92mabc.gov.im[0m[94m (FQDN)[0m [97m-->[0m [95ma_record[0m [97m-->[0m [92m107.162.143.254[0m[94m (IPAddress)[0m
[92m77.76.253.5.in-addr.arpa[0m[94m (FQDN)[0m [97m-->[0m [95mptr_record[0m [97m-->[0m [92mip-76-77.gov.im[0m[94m (FQDN)[0m
[92m89.76.253.5.in-addr.arpa[0m[94m (FQDN)[0m [97m-->[0m [95mptr_record[0m [97m-->[0m [92mip-76-89.gov.im[0m[94m (FQDN)[0m
[92mcostoflivingsupport.gov.im[0m[94m (FQDN)[0m [97m-->[0m [95ma_record[0m [97m-->[0m [92m107.162.143.254[0m[94m (IPAddress)[0m
[92mwww.legislation.gov.im[0m[94m (FQDN)[0m [97m-->[0m [95ma_record[0m [97m-->[0m [92m35.213.158.26[0m[94m (IPAddress)[0m
[92m13.76.253.5.in-addr.arpa[0m[94m (FQDN)[0m [97m-->[0m [95mptr_record[0m [97m-->[0m [92mbc.gov.im[0m[94m (FQDN)[0m
[92mbc.gov.im[0m[94m (FQDN)[0m [97m-->[0m [95ma_record[0m [97m-->[0m [92m5.253.76.13[0m[94m (IPAddress)[0m
[92m98.76.253.5.in-addr.arpa[0m[94m (FQDN)[0m [97m-->[0m [95mptr_record[0m [97m-->[0m [92mip-76-98.gov.im[0m[94m (FQDN)[0m
[92mwww.michael.gov.im[0m[94m (FQDN)[0m [97m-->[0m [95ma_record[0m [97m-->[0m [92m81.88.163.11[0m[94m (IPAddress)[0m
[92m37.76.253.5.in-addr.arpa[0m[94m (FQDN)[0m [97m-->[0m [95mptr_record[0m [97m-->[0m [92mip-76-37.gov.im[0m[94m (FQDN)[0m
[92m21.76.253.5.in-addr.arpa[0m[94m (FQDN)[0m [97m-->[0m [95mptr_record[0m [97m-->[0m [92mesmdm.gov.im[0m[94m (FQDN)[0m
[92mesmdm.gov.im[0m[94m (FQDN)[0m [97m-->[0m [95ma_record[0m [97m-->[0m [92m5.253.76.21[0m[94m (IPAddress)[0m
[92m113.76.253.5.in-addr.arpa[0m[94m (FQDN)[0m [97m-->[0m [95mptr_record[0m [97m-->[0m [92mip-76-113.gov.im[0m[94m (FQDN)[0m
[92m50.76.253.5.in-addr.arpa[0m[94m (FQDN)[0m [97m-->[0m [95mptr_record[0m [97m-->[0m [92mip-76-50.gov.im[0m[94m (FQDN)[0m
[92m17.76.253.5.in-addr.arpa[0m[94m (FQDN)[0m [97m-->[0m [95mptr_record[0m [97m-->[0m [92mmag.gov.im[0m[94m (FQDN)[0m
[92mmag.gov.im[0m[94m (FQDN)[0m [97m-->[0m [95ma_record[0m [97m-->[0m [92m5.253.76.17[0m[94m (IPAddress)[0m
[92m47.76.253.5.in-addr.arpa[0m[94m (FQDN)[0m [97m-->[0m [95mptr_record[0m [97m-->[0m [92mip-76-47.gov.im[0m[94m (FQDN)[0m
[92m88.76.253.5.in-addr.arpa[0m[94m (FQDN)[0m [97m-->[0m [95mptr_record[0m [97m-->[0m [92mip-76-88.gov.im[0m[94m (FQDN)[0m
[92m68.76.253.5.in-addr.arpa[0m[94m (FQDN)[0m [97m-->[0m [95mptr_record[0m [97m-->[0m [92mip-76-68.gov.im[0m[94m (FQDN)[0m
[92m117.76.253.5.in-addr.arpa[0m[94m (FQDN)[0m [97m-->[0m [95mptr_record[0m [97m-->[0m [92mip-76-117.gov.im[0m[94m (FQDN)[0m
[92mwww1.gov.im[0m[94m (FQDN)[0m [97m-->[0m [95ma_record[0m [97m-->[0m [92m107.162.143.254[0m[94m (IPAddress)[0m
[92m27.76.253.5.in-addr.arpa[0m[94m (FQDN)[0m [97m-->[0m [95mptr_record[0m [97m-->[0m [92mdecemm.gov.im[0m[94m (FQDN)[0m
[92m96.76.253.5.in-addr.arpa[0m[94m (FQDN)[0m [97m-->[0m [95mptr_record[0m [97m-->[0m [92mip-76-96.gov.im[0m[94m (FQDN)[0m
[92m55.76.253.5.in-addr.arpa[0m[94m (FQDN)[0m [97m-->[0m [95mptr_record[0m [97m-->[0m [92mip-76-55.gov.im[0m[94m (FQDN)[0m
[92mimages.gov.im[0m[94m (FQDN)[0m [97m-->[0m [95ma_record[0m [97m-->[0m [92m107.162.143.254[0m[94m (IPAddress)[0m
[92m14.76.253.5.in-addr.arpa[0m[94m (FQDN)[0m [97m-->[0m [95mptr_record[0m [97m-->[0m [92mcew1.gov.im[0m[94m (FQDN)[0m
[92msnapsurveys.gov.im[0m[94m (FQDN)[0m [97m-->[0m [95ma_record[0m [97m-->[0m [92m5.253.76.143[0m[94m (IPAddress)[0m
[92mmra.gov.im[0m[94m (FQDN)[0m [97m-->[0m [95ma_record[0m [97m-->[0m [92m5.253.76.26[0m[94m (IPAddress)[0m
[92m51.76.253.5.in-addr.arpa[0m[94m (FQDN)[0m [97m-->[0m [95mptr_record[0m [97m-->[0m [92mip-76-51.gov.im[0m[94m (FQDN)[0m
[92mwww.gov.im[0m[94m (FQDN)[0m [97m-->[0m [95ma_record[0m [97m-->[0m [92m107.162.143.254[0m[94m (IPAddress)[0m
[92mmichael.gov.im[0m[94m (FQDN)[0m [97m-->[0m [95ma_record[0m [97m-->[0m [92m81.88.163.11[0m[94m (IPAddress)[0m
[92mmichael.gov.im[0m[94m (FQDN)[0m [97m-->[0m [95mnode[0m [97m-->[0m [92mwww.michael.gov.im[0m[94m (FQDN)[0m
[92mppmaps.gov.im[0m[94m (FQDN)[0m [97m-->[0m [95ma_record[0m [97m-->[0m [92m107.162.154.132[0m[94m (IPAddress)[0m
[92m69.76.253.5.in-addr.arpa[0m[94m (FQDN)[0m [97m-->[0m [95mptr_record[0m [97m-->[0m [92mip-76-69.gov.im[0m[94m (FQDN)[0m
[92mcmsweb.gov.im[0m[94m (FQDN)[0m [97m-->[0m [95ma_record[0m [97m-->[0m [92m5.253.76.15[0m[94m (IPAddress)[0m
[92mcmsweb.gov.im[0m[94m (FQDN)[0m [97m-->[0m [95ma_record[0m [97m-->[0m [92m5.253.76.14[0m[94m (IPAddress)[0m
[92mhr.gov.im[0m[94m (FQDN)[0m [97m-->[0m [95ma_record[0m [97m-->[0m [92m107.162.143.254[0m[94m (IPAddress)[0m
[92m71.76.253.5.in-addr.arpa[0m[94m (FQDN)[0m [97m-->[0m [95mptr_record[0m [97m-->[0m [92mip-76-71.gov.im[0m[94m (FQDN)[0m
[92muatcrs.gov.im[0m[94m (FQDN)[0m [97m-->[0m [95ma_record[0m [97m-->[0m [92m5.253.76.1[0m[94m (IPAddress)[0m
[92mfatca.gov.im[0m[94m (FQDN)[0m [97m-->[0m [95ma_record[0m [97m-->[0m [92m5.253.76.1[0m[94m (IPAddress)[0m
[92mporterin.gov.im[0m[94m (FQDN)[0m [97m-->[0m [95mns_record[0m [97m-->[0m [92mpebbles.iom.com[0m[94m (FQDN)[0m
[92mporterin.gov.im[0m[94m (FQDN)[0m [97m-->[0m [95mns_record[0m [97m-->[0m [92mbarney.advsys.co.uk[0m[94m (FQDN)[0m
[92mporterin.gov.im[0m[94m (FQDN)[0m [97m-->[0m [95mnode[0m [97m-->[0m [92mlibrary.porterin.gov.im[0m[94m (FQDN)[0m
[92mporterin.gov.im[0m[94m (FQDN)[0m [97m-->[0m [95mnode[0m [97m-->[0m [92mwww.porterin.gov.im[0m[94m (FQDN)[0m
[92mwebmail.castletown.gov.im[0m[94m (FQDN)[0m [97m-->[0m [95ma_record[0m [97m-->[0m [92m77.72.0.174[0m[94m (IPAddress)[0m
[92m32.76.253.5.in-addr.arpa[0m[94m (FQDN)[0m [97m-->[0m [95mptr_record[0m [97m-->[0m [92mip-76-32.gov.im[0m[94m (FQDN)[0m
[92m79.76.253.5.in-addr.arpa[0m[94m (FQDN)[0m [97m-->[0m [95mptr_record[0m [97m-->[0m [92mip-76-79.gov.im[0m[94m (FQDN)[0m
[92madmin.gov.im[0m[94m (FQDN)[0m [97m-->[0m [95ma_record[0m [97m-->[0m [92m107.162.143.254[0m[94m (IPAddress)[0m
[92mp72od3.isleofman.gslb.f5silverline.com[0m[94m (FQDN)[0m [97m-->[0m [95ma_record[0m [97m-->[0m [92m107.162.194.251[0m[94m (IPAddress)[0m
[92m85.76.253.5.in-addr.arpa[0m[94m (FQDN)[0m [97m-->[0m [95mptr_record[0m [97m-->[0m [92mip-76-85.gov.im[0m[94m (FQDN)[0m
[92mwww.porterin.gov.im[0m[94m (FQDN)[0m [97m-->[0m [95mcname_record[0m [97m-->[0m [92mporterin.gov.im.hosting.netsuite.com[0m[94m (FQDN)[0m
[92m34.76.253.5.in-addr.arpa[0m[94m (FQDN)[0m [97m-->[0m [95mptr_record[0m [97m-->[0m [92mip-76-34.gov.im[0m[94m (FQDN)[0m
[92mservices.gov.im[0m[94m (FQDN)[0m [97m-->[0m [95ma_record[0m [97m-->[0m [92m107.162.143.254[0m[94m (IPAddress)[0m
[92m63.76.253.5.in-addr.arpa[0m[94m (FQDN)[0m [97m-->[0m [95mptr_record[0m [97m-->[0m [92mip-76-63.gov.im[0m[94m (FQDN)[0m
[92msurvey02.gov.im[0m[94m (FQDN)[0m [97m-->[0m [95ma_record[0m [97m-->[0m [92m5.253.76.133[0m[94m (IPAddress)[0m
[92mamdmu.gov.im[0m[94m (FQDN)[0m [97m-->[0m [95ma_record[0m [97m-->[0m [92m5.253.76.7[0m[94m (IPAddress)[0m
[92mwebdisk.castletown.gov.im[0m[94m (FQDN)[0m [97m-->[0m [95ma_record[0m [97m-->[0m [92m77.72.0.174[0m[94m (IPAddress)[0m
[92mbuildingcontrol.douglas.gov.im[0m[94m (FQDN)[0m [97m-->[0m [95ma_record[0m [97m-->[0m [92m185.151.30.134[0m[94m (IPAddress)[0m
[92mlibrarykeylldarree.gov.im[0m[94m (FQDN)[0m [97m-->[0m [95ma_record[0m [97m-->[0m [92m107.162.143.254[0m[94m (IPAddress)[0m
[92mftp.dot.gov.im[0m[94m (FQDN)[0m [97m-->[0m [95ma_record[0m [97m-->[0m [92m217.23.165.82[0m[94m (IPAddress)[0m
[92mmail1.gov.im[0m[94m (FQDN)[0m [97m-->[0m [95ma_record[0m [97m-->[0m [92m195.10.114.199[0m[94m (IPAddress)[0m
[92mhost02.gov.im[0m[94m (FQDN)[0m [97m-->[0m [95ma_record[0m [97m-->[0m [92m193.219.111.246[0m[94m (IPAddress)[0m
[92mwww.ecommerce.gov.im.cdn.cloudflare.net[0m[94m (FQDN)[0m [97m-->[0m [95ma_record[0m [97m-->[0m [92m172.67.143.180[0m[94m (IPAddress)[0m
[92mwww.ecommerce.gov.im.cdn.cloudflare.net[0m[94m (FQDN)[0m [97m-->[0m [95ma_record[0m [97m-->[0m [92m104.21.71.54[0m[94m (IPAddress)[0m
[92mwww.manxcare.gov.im[0m[94m (FQDN)[0m [97m-->[0m [95ma_record[0m [97m-->[0m [92m107.162.153.162[0m[94m (IPAddress)[0m
[92mipafp1.ipa.gov.im[0m[94m (FQDN)[0m [97m-->[0m [95ma_record[0m [97m-->[0m [92m217.23.161.141[0m[94m (IPAddress)[0m
[92mareyouok.gov.im[0m[94m (FQDN)[0m [97m-->[0m [95ma_record[0m [97m-->[0m [92m107.162.143.254[0m[94m (IPAddress)[0m
[92mwww.emplaw.gov.im.cdn.cloudflare.net[0m[94m (FQDN)[0m [97m-->[0m [95ma_record[0m [97m-->[0m [92m104.21.71.54[0m[94m (IPAddress)[0m
[92mwww.emplaw.gov.im.cdn.cloudflare.net[0m[94m (FQDN)[0m [97m-->[0m [95ma_record[0m [97m-->[0m [92m172.67.143.180[0m[94m (IPAddress)[0m
[92mmagu.gov.im[0m[94m (FQDN)[0m [97m-->[0m [95ma_record[0m [97m-->[0m [92m5.253.76.29[0m[94m (IPAddress)[0m
[92m29.76.253.5.in-addr.arpa[0m[94m (FQDN)[0m [97m-->[0m [95mptr_record[0m [97m-->[0m [92mmagu.gov.im[0m[94m (FQDN)[0m
[92m28.76.253.5.in-addr.arpa[0m[94m (FQDN)[0m [97m-->[0m [95mptr_record[0m [97m-->[0m [92memmu.gov.im[0m[94m (FQDN)[0m
[92m64.76.253.5.in-addr.arpa[0m[94m (FQDN)[0m [97m-->[0m [95mptr_record[0m [97m-->[0m [92mip-76-64.gov.im[0m[94m (FQDN)[0m
[92m15.76.253.5.in-addr.arpa[0m[94m (FQDN)[0m [97m-->[0m [95mptr_record[0m [97m-->[0m [92mcew2.gov.im[0m[94m (FQDN)[0m
[92m45.76.253.5.in-addr.arpa[0m[94m (FQDN)[0m [97m-->[0m [95mptr_record[0m [97m-->[0m [92mip-76-45.gov.im[0m[94m (FQDN)[0m
[92m3.76.253.5.in-addr.arpa[0m[94m (FQDN)[0m [97m-->[0m [95mptr_record[0m [97m-->[0m [92mvaishveg.gov.im[0m[94m (FQDN)[0m
[92m86.76.253.5.in-addr.arpa[0m[94m (FQDN)[0m [97m-->[0m [95mptr_record[0m [97m-->[0m [92mip-76-86.gov.im[0m[94m (FQDN)[0m
[92m46.76.253.5.in-addr.arpa[0m[94m (FQDN)[0m [97m-->[0m [95mptr_record[0m [97m-->[0m [92mip-76-46.gov.im[0m[94m (FQDN)[0m
[92m74.76.253.5.in-addr.arpa[0m[94m (FQDN)[0m [97m-->[0m [95mptr_record[0m [97m-->[0m [92mip-76-74.gov.im[0m[94m (FQDN)[0m
[92m7.76.253.5.in-addr.arpa[0m[94m (FQDN)[0m [97m-->[0m [95mptr_record[0m [97m-->[0m [92mamdmu.gov.im[0m[94m (FQDN)[0m
[92m22.76.253.5.in-addr.arpa[0m[94m (FQDN)[0m [97m-->[0m [95mptr_record[0m [97m-->[0m [92mcxuatc.gov.im[0m[94m (FQDN)[0m
[92m42.76.253.5.in-addr.arpa[0m[94m (FQDN)[0m [97m-->[0m [95mptr_record[0m [97m-->[0m [92mip-76-42.gov.im[0m[94m (FQDN)[0m
[92m92.76.253.5.in-addr.arpa[0m[94m (FQDN)[0m [97m-->[0m [95mptr_record[0m [97m-->[0m [92mip-76-92.gov.im[0m[94m (FQDN)[0m
[92m62.76.253.5.in-addr.arpa[0m[94m (FQDN)[0m [97m-->[0m [95mptr_record[0m [97m-->[0m [92mip-76-62.gov.im[0m[94m (FQDN)[0m
[92m76.76.253.5.in-addr.arpa[0m[94m (FQDN)[0m [97m-->[0m [95mptr_record[0m [97m-->[0m [92mip-76-76.gov.im[0m[94m (FQDN)[0m
[92m100.76.253.5.in-addr.arpa[0m[94m (FQDN)[0m [97m-->[0m [95mptr_record[0m [97m-->[0m [92mip-76-100.gov.im[0m[94m (FQDN)[0m
[92m5.253.76.0/24[0m[94m (Netblock)[0m [97m-->[0m [95mcontains[0m [97m-->[0m [92m5.253.76.134[0m[94m (IPAddress)[0m
[92m5.253.76.0/24[0m[94m (Netblock)[0m [97m-->[0m [95mcontains[0m [97m-->[0m [92m5.253.76.28[0m[94m (IPAddress)[0m
[92m5.253.76.0/24[0m[94m (Netblock)[0m [97m-->[0m [95mcontains[0m [97m-->[0m [92m5.253.76.25[0m[94m (IPAddress)[0m
[92m5.253.76.0/24[0m[94m (Netblock)[0m [97m-->[0m [95mcontains[0m [97m-->[0m [92m5.253.76.19[0m[94m (IPAddress)[0m
[92m5.253.76.0/24[0m[94m (Netblock)[0m [97m-->[0m [95mcontains[0m [97m-->[0m [92m5.253.76.18[0m[94m (IPAddress)[0m
[92m5.253.76.0/24[0m[94m (Netblock)[0m [97m-->[0m [95mcontains[0m [97m-->[0m [92m5.253.76.143[0m[94m (IPAddress)[0m
[92m5.253.76.0/24[0m[94m (Netblock)[0m [97m-->[0m [95mcontains[0m [97m-->[0m [92m5.253.76.11[0m[94m (IPAddress)[0m
[92m5.253.76.0/24[0m[94m (Netblock)[0m [97m-->[0m [95mcontains[0m [97m-->[0m [92m5.253.76.8[0m[94m (IPAddress)[0m
[92m5.253.76.0/24[0m[94m (Netblock)[0m [97m-->[0m [95mcontains[0m [97m-->[0m [92m5.253.76.20[0m[94m (IPAddress)[0m
[92m5.253.76.0/24[0m[94m (Netblock)[0m [97m-->[0m [95mcontains[0m [97m-->[0m [92m5.253.76.17[0m[94m (IPAddress)[0m
[92m5.253.76.0/24[0m[94m (Netblock)[0m [97m-->[0m [95mcontains[0m [97m-->[0m [92m5.253.76.13[0m[94m (IPAddress)[0m
[92m5.253.76.0/24[0m[94m (Netblock)[0m [97m-->[0m [95mcontains[0m [97m-->[0m [92m5.253.76.133[0m[94m (IPAddress)[0m
[92m5.253.76.0/24[0m[94m (Netblock)[0m [97m-->[0m [95mcontains[0m [97m-->[0m [92m5.253.76.21[0m[94m (IPAddress)[0m
[92m5.253.76.0/24[0m[94m (Netblock)[0m [97m-->[0m [95mcontains[0m [97m-->[0m [92m5.253.76.7[0m[94m (IPAddress)[0m
[92m5.253.76.0/24[0m[94m (Netblock)[0m [97m-->[0m [95mcontains[0m [97m-->[0m [92m5.253.76.9[0m[94m (IPAddress)[0m
[92m5.253.76.0/24[0m[94m (Netblock)[0m [97m-->[0m [95mcontains[0m [97m-->[0m [92m5.253.76.26[0m[94m (IPAddress)[0m
[92m5.253.76.0/24[0m[94m (Netblock)[0m [97m-->[0m [95mcontains[0m [97m-->[0m [92m5.253.76.29[0m[94m (IPAddress)[0m
[92m109.228.0.0/18[0m[94m (Netblock)[0m [97m-->[0m [95mcontains[0m [97m-->[0m [92m109.228.18.213[0m[94m (IPAddress)[0m
[92m8560[0m[94m (ASN)[0m [97m-->[0m [95mmanaged_by[0m [97m-->[0m [92mONEANDONE-AS Brauerstrasse 48[0m[94m (RIROrganization)[0m
[92m8560[0m[94m (ASN)[0m [97m-->[0m [95mannounces[0m [97m-->[0m [92m109.228.0.0/18[0m[94m (Netblock)[0m
[92mwww.disclosures.gov.im[0m[94m (FQDN)[0m [97m-->[0m [95mcname_record[0m [97m-->[0m [92mwww.disclosures.gov.im.cdn.cloudflare.net[0m[94m (FQDN)[0m
[92mwww.disclosures.gov.im.cdn.cloudflare.net[0m[94m (FQDN)[0m [97m-->[0m [95ma_record[0m [97m-->[0m [92m104.21.71.54[0m[94m (IPAddress)[0m
[92mwww.disclosures.gov.im.cdn.cloudflare.net[0m[94m (FQDN)[0m [97m-->[0m [95ma_record[0m [97m-->[0m [92m172.67.143.180[0m[94m (IPAddress)[0m
[92m172.67.0.0/16[0m[94m (Netblock)[0m [97m-->[0m [95mcontains[0m [97m-->[0m [92m172.67.143.180[0m[94m (IPAddress)[0m
[92m13335[0m[94m (ASN)[0m [97m-->[0m [95mmanaged_by[0m [97m-->[0m [92mCLOUDFLARENET - Cloudflare, Inc.[0m[94m (RIROrganization)[0m
[92m13335[0m[94m (ASN)[0m [97m-->[0m [95mannounces[0m [97m-->[0m [92m172.67.0.0/16[0m[94m (Netblock)[0m
[92m41.76.253.5.in-addr.arpa[0m[94m (FQDN)[0m [97m-->[0m [95mptr_record[0m [97m-->[0m [92mip-76-41.gov.im[0m[94m (FQDN)[0m
[92m104.21.64.0/20[0m[94m (Netblock)[0m [97m-->[0m [95mcontains[0m [97m-->[0m [92m104.21.71.54[0m[94m (IPAddress)[0m
[92m13335[0m[94m (ASN)[0m [97m-->[0m [95mannounces[0m [97m-->[0m [92m104.21.64.0/20[0m[94m (Netblock)[0m
[92muk.mx2.mx25.net[0m[94m (FQDN)[0m [97m-->[0m [95ma_record[0m [97m-->[0m [92m192.162.217.4[0m[94m (IPAddress)[0m
[92m107.162.155.0/24[0m[94m (Netblock)[0m [97m-->[0m [95mcontains[0m [97m-->[0m [92m107.162.155.248[0m[94m (IPAddress)[0m
[92m55002[0m[94m (ASN)[0m [97m-->[0m [95mannounces[0m [97m-->[0m [92m107.162.155.0/24[0m[94m (Netblock)[0m
[92m87.76.253.5.in-addr.arpa[0m[94m (FQDN)[0m [97m-->[0m [95mptr_record[0m [97m-->[0m [92mip-76-87.gov.im[0m[94m (FQDN)[0m
[92mfsc.gov.im[0m[94m (FQDN)[0m [97m-->[0m [95mns_record[0m [97m-->[0m [92mbarney.advsys.co.uk[0m[94m (FQDN)[0m
[92mfsc.gov.im[0m[94m (FQDN)[0m [97m-->[0m [95mns_record[0m [97m-->[0m [92mpebbles.iom.com[0m[94m (FQDN)[0m
[92mfsc.gov.im[0m[94m (FQDN)[0m [97m-->[0m [95mmx_record[0m [97m-->[0m [92mfsc-gov-im.mail.protection.outlook.com[0m[94m (FQDN)[0m
[92mfsc.gov.im[0m[94m (FQDN)[0m [97m-->[0m [95mnode[0m [97m-->[0m [92mwww.fsc.gov.im[0m[94m (FQDN)[0m
[92m112.76.253.5.in-addr.arpa[0m[94m (FQDN)[0m [97m-->[0m [95mptr_record[0m [97m-->[0m [92mip-76-112.gov.im[0m[94m (FQDN)[0m
[92mmanxcare.gov.im[0m[94m (FQDN)[0m [97m-->[0m [95mns_record[0m [97m-->[0m [92mpebbles.iom.com[0m[94m (FQDN)[0m
[92mmanxcare.gov.im[0m[94m (FQDN)[0m [97m-->[0m [95mns_record[0m [97m-->[0m [92mhoppy.iom.com[0m[94m (FQDN)[0m
[92mmanxcare.gov.im[0m[94m (FQDN)[0m [97m-->[0m [95mns_record[0m [97m-->[0m [92mbarney.advsys.co.uk[0m[94m (FQDN)[0m
[92mmanxcare.gov.im[0m[94m (FQDN)[0m [97m-->[0m [95mnode[0m [97m-->[0m [92mwww.manxcare.gov.im[0m[94m (FQDN)[0m
[92mns1.manx.net[0m[94m (FQDN)[0m [97m-->[0m [95ma_record[0m [97m-->[0m [92m213.137.31.21[0m[94m (IPAddress)[0m
[92mns1.manx.net[0m[94m (FQDN)[0m [97m-->[0m [95maaaa_record[0m [97m-->[0m [92m2a01:6a00:0:4::3[0m[94m (IPAddress)[0m
[92muk.mx1.mailanyone.net[0m[94m (FQDN)[0m [97m-->[0m [95ma_record[0m [97m-->[0m [92m192.162.217.4[0m[94m (IPAddress)[0m
[92m217.114.10.195.in-addr.arpa[0m[94m (FQDN)[0m [97m-->[0m [95mptr_record[0m [97m-->[0m [92mphildraw.gov.im[0m[94m (FQDN)[0m
[92m218.114.10.195.in-addr.arpa[0m[94m (FQDN)[0m [97m-->[0m [95mptr_record[0m [97m-->[0m [92mgrenaby.gov.im[0m[94m (FQDN)[0m
[92m159.60.128.0/20[0m[94m (Netblock)[0m [97m-->[0m [95mcontains[0m [97m-->[0m [92m159.60.128.158[0m[94m (IPAddress)[0m
[92m35280[0m[94m (ASN)[0m [97m-->[0m [95mannounces[0m [97m-->[0m [92m159.60.128.0/20[0m[94m (Netblock)[0m
[92m35280[0m[94m (ASN)[0m [97m-->[0m [95mmanaged_by[0m [97m-->[0m [92mAS35280 - F5 Networks SARL[0m[94m (RIROrganization)[0m
[92m34.240.0.0/12[0m[94m (Netblock)[0m [97m-->[0m [95mcontains[0m [97m-->[0m [92m34.249.135.223[0m[94m (IPAddress)[0m
[92m16509[0m[94m (ASN)[0m [97m-->[0m [95mmanaged_by[0m [97m-->[0m [92mAMAZON-02 - Amazon.com, Inc.[0m[94m (RIROrganization)[0m
[92m16509[0m[94m (ASN)[0m [97m-->[0m [95mannounces[0m [97m-->[0m [92m34.240.0.0/12[0m[94m (Netblock)[0m
[92mhoppy.iom.com[0m[94m (FQDN)[0m [97m-->[0m [95ma_record[0m [97m-->[0m [92m217.23.163.140[0m[94m (IPAddress)[0m
[92m114.76.253.5.in-addr.arpa[0m[94m (FQDN)[0m [97m-->[0m [95mptr_record[0m [97m-->[0m [92mip-76-114.gov.im[0m[94m (FQDN)[0m
[92mmichael.gov.im[0m[94m (FQDN)[0m [97m-->[0m [95mns_record[0m [97m-->[0m [92mdns1.stabletransit.com[0m[94m (FQDN)[0m
[92mmichael.gov.im[0m[94m (FQDN)[0m [97m-->[0m [95mns_record[0m [97m-->[0m [92mdns2.stabletransit.com[0m[94m (FQDN)[0m
[92m2a07:7800::/46[0m[94m (Netblock)[0m [97m-->[0m [95mcontains[0m [97m-->[0m [92m2a07:7800::171[0m[94m (IPAddress)[0m
[92m185.151.30.0/24[0m[94m (Netblock)[0m [97m-->[0m [95mcontains[0m [97m-->[0m [92m185.151.30.171[0m[94m (IPAddress)[0m
[92m185.151.30.0/24[0m[94m (Netblock)[0m [97m-->[0m [95mcontains[0m [97m-->[0m [92m185.151.30.134[0m[94m (IPAddress)[0m
[92m81.88.160.0/21[0m[94m (Netblock)[0m [97m-->[0m [95mcontains[0m [97m-->[0m [92m81.88.163.11[0m[94m (IPAddress)[0m
[92m48254[0m[94m (ASN)[0m [97m-->[0m [95mmanaged_by[0m [97m-->[0m [92mOSS-URAL-AS[0m[94m (RIROrganization)[0m
[92m48254[0m[94m (ASN)[0m [97m-->[0m [95mannounces[0m [97m-->[0m [92m2a07:7800::/46[0m[94m (Netblock)[0m
[92m48254[0m[94m (ASN)[0m [97m-->[0m [95mannounces[0m [97m-->[0m [92m185.151.30.0/24[0m[94m (Netblock)[0m
[92m48254[0m[94m (ASN)[0m [97m-->[0m [95mmanaged_by[0m [97m-->[0m [92mAS48254 - 20i Limited[0m[94m (RIROrganization)[0m
[92m15766[0m[94m (ASN)[0m [97m-->[0m [95mmanaged_by[0m [97m-->[0m [92mDOMICILIUM-AS[0m[94m (RIROrganization)[0m
[92m15766[0m[94m (ASN)[0m [97m-->[0m [95mannounces[0m [97m-->[0m [92m81.88.160.0/21[0m[94m (Netblock)[0m
[92m186.63.31.50.in-addr.arpa[0m[94m (FQDN)[0m [97m-->[0m [95mptr_record[0m [97m-->[0m [92mo1.ptr5094.gov.im[0m[94m (FQDN)[0m
[92me-xceptional.gov.im[0m[94m (FQDN)[0m [97m-->[0m [95mns_record[0m [97m-->[0m [92mpebbles.iom.com[0m[94m (FQDN)[0m
[92me-xceptional.gov.im[0m[94m (FQDN)[0m [97m-->[0m [95mns_record[0m [97m-->[0m [92mhoppy.iom.com[0m[94m (FQDN)[0m
[92me-xceptional.gov.im[0m[94m (FQDN)[0m [97m-->[0m [95mns_record[0m [97m-->[0m [92mbarney.advsys.co.uk[0m[94m (FQDN)[0m
[92me-xceptional.gov.im[0m[94m (FQDN)[0m [97m-->[0m [95mnode[0m [97m-->[0m [92mwww.e-xceptional.gov.im[0m[94m (FQDN)[0m
[92m195.10.112.0/20[0m[94m (Netblock)[0m [97m-->[0m [95mcontains[0m [97m-->[0m [92m195.10.114.221[0m[94m (IPAddress)[0m
[92m195.10.112.0/20[0m[94m (Netblock)[0m [97m-->[0m [95mcontains[0m [97m-->[0m [92m195.10.114.199[0m[94m (IPAddress)[0m
[92mbarney.advsys.co.uk[0m[94m (FQDN)[0m [97m-->[0m [95ma_record[0m [97m-->[0m [92m217.23.160.50[0m[94m (IPAddress)[0m
[92m116.76.253.5.in-addr.arpa[0m[94m (FQDN)[0m [97m-->[0m [95mptr_record[0m [97m-->[0m [92mip-76-116.gov.im[0m[94m (FQDN)[0m
[92mns1.cloudhosting.co.uk[0m[94m (FQDN)[0m [97m-->[0m [95ma_record[0m [97m-->[0m [92m77.72.0.13[0m[94m (IPAddress)[0m
[92mns2.cloudhosting.co.uk[0m[94m (FQDN)[0m [97m-->[0m [95ma_record[0m [97m-->[0m [92m139.162.254.53[0m[94m (IPAddress)[0m
[92mukazcluster1.ethicalreviewmanager.com[0m[94m (FQDN)[0m [97m-->[0m [95ma_record[0m [97m-->[0m [92m20.26.15.11[0m[94m (IPAddress)[0m
[92mporterin.gov.im.hosting.netsuite.com[0m[94m (FQDN)[0m [97m-->[0m [95mcname_record[0m [97m-->[0m [92mshop.source.eu5.netsuite.com[0m[94m (FQDN)[0m
[92mdns1.stabletransit.com[0m[94m (FQDN)[0m [97m-->[0m [95ma_record[0m [97m-->[0m [92m69.20.95.4[0m[94m (IPAddress)[0m
[92mdns2.stabletransit.com[0m[94m (FQDN)[0m [97m-->[0m [95ma_record[0m [97m-->[0m [92m65.61.188.4[0m[94m (IPAddress)[0m
[92mdot.gov.im[0m[94m (FQDN)[0m [97m-->[0m [95mns_record[0m [97m-->[0m [92mbarney.advsys.co.uk[0m[94m (FQDN)[0m
[92mdot.gov.im[0m[94m (FQDN)[0m [97m-->[0m [95mns_record[0m [97m-->[0m [92mpebbles.iom.com[0m[94m (FQDN)[0m
[92mdot.gov.im[0m[94m (FQDN)[0m [97m-->[0m [95mmx_record[0m [97m-->[0m [92mdot-gov-im.mail.protection.outlook.com[0m[94m (FQDN)[0m
[92mdot.gov.im[0m[94m (FQDN)[0m [97m-->[0m [95mnode[0m [97m-->[0m [92mftp.dot.gov.im[0m[94m (FQDN)[0m
[92mns0.manx.net[0m[94m (FQDN)[0m [97m-->[0m [95ma_record[0m [97m-->[0m [92m195.10.102.4[0m[94m (IPAddress)[0m
[92mns0.manx.net[0m[94m (FQDN)[0m [97m-->[0m [95maaaa_record[0m [97m-->[0m [92m2a01:6a00:0:3::3[0m[94m (IPAddress)[0m
[92m107.162.234.0/24[0m[94m (Netblock)[0m [97m-->[0m [95mcontains[0m [97m-->[0m [92m107.162.234.135[0m[94m (IPAddress)[0m
[92m45.83.120.0/22[0m[94m (Netblock)[0m [97m-->[0m [95mcontains[0m [97m-->[0m [92m45.83.122.57[0m[94m (IPAddress)[0m
[92m107.162.153.0/24[0m[94m (Netblock)[0m [97m-->[0m [95mcontains[0m [97m-->[0m [92m107.162.153.162[0m[94m (IPAddress)[0m
[92m55002[0m[94m (ASN)[0m [97m-->[0m [95mannounces[0m [97m-->[0m [92m107.162.234.0/24[0m[94m (Netblock)[0m
[92m55002[0m[94m (ASN)[0m [97m-->[0m [95mannounces[0m [97m-->[0m [92m107.162.153.0/24[0m[94m (Netblock)[0m
[92m200313[0m[94m (ASN)[0m [97m-->[0m [95mmanaged_by[0m [97m-->[0m [92mAS200313[0m[94m (RIROrganization)[0m
[92m200313[0m[94m (ASN)[0m [97m-->[0m [95mannounces[0m [97m-->[0m [92m45.83.120.0/22[0m[94m (Netblock)[0m
[92mipa.gov.im[0m[94m (FQDN)[0m [97m-->[0m [95mmx_record[0m [97m-->[0m [92mipa-gov-im.mail.protection.outlook.com[0m[94m (FQDN)[0m
[92mipa.gov.im[0m[94m (FQDN)[0m [97m-->[0m [95mns_record[0m [97m-->[0m [92mbarney.advsys.co.uk[0m[94m (FQDN)[0m
[92mipa.gov.im[0m[94m (FQDN)[0m [97m-->[0m [95mns_record[0m [97m-->[0m [92mpebbles.iom.com[0m[94m (FQDN)[0m
[92m50.31.32.0/19[0m[94m (Netblock)[0m [97m-->[0m [95mcontains[0m [97m-->[0m [92m50.31.63.186[0m[94m (IPAddress)[0m
[92m11377[0m[94m (ASN)[0m [97m-->[0m [95mmanaged_by[0m [97m-->[0m [92mSENDGRID - SendGrid, Inc.[0m[94m (RIROrganization)[0m
[92m11377[0m[94m (ASN)[0m [97m-->[0m [95mannounces[0m [97m-->[0m [92m50.31.32.0/19[0m[94m (Netblock)[0m
[92mwww.castletown.gov.im[0m[94m (FQDN)[0m [97m-->[0m [95mcname_record[0m [97m-->[0m [92mcastletown.gov.im[0m[94m (FQDN)[0m
[92mcastletown.gov.im[0m[94m (FQDN)[0m [97m-->[0m [95mnode[0m [97m-->[0m [92mwww.castletown.gov.im[0m[94m (FQDN)[0m
[92mcastletown.gov.im[0m[94m (FQDN)[0m [97m-->[0m [95mnode[0m [97m-->[0m [92mcpanel.castletown.gov.im[0m[94m (FQDN)[0m
[92mcs-iomgov.delib.net[0m[94m (FQDN)[0m [97m-->[0m [95mcname_record[0m [97m-->[0m [92muk.production.platform.citizenspace.com[0m[94m (FQDN)[0m
[92mlegislation.gov.im[0m[94m (FQDN)[0m [97m-->[0m [95mns_record[0m [97m-->[0m [92mhoppy.iom.com[0m[94m (FQDN)[0m
[92mdesc.digitalservices.gov.im[0m[94m (FQDN)[0m [97m-->[0m [95mcname_record[0m [97m-->[0m [92mdescdigitalservices.powerappsportals.com[0m[94m (FQDN)[0m
[92mbranding.smart-survey.co.uk[0m[94m (FQDN)[0m [97m-->[0m [95mcname_record[0m [97m-->[0m [92mcustomdomain.smartsurvey.co.uk[0m[94m (FQDN)[0m
[92mpebbles.iom.com[0m[94m (FQDN)[0m [97m-->[0m [95ma_record[0m [97m-->[0m [92m83.218.14.53[0m[94m (IPAddress)[0m
[92mns2.mordus.co.uk[0m[94m (FQDN)[0m [97m-->[0m [95ma_record[0m [97m-->[0m [92m109.228.19.183[0m[94m (IPAddress)[0m
[92melink-eu.azuresend.com[0m[94m (FQDN)[0m [97m-->[0m [95mcname_record[0m [97m-->[0m [92mazuresendeventseu.cloudapp.net[0m[94m (FQDN)[0m
[92mwiskiweb.gov.im[0m[94m (FQDN)[0m [97m-->[0m [95ma_record[0m [97m-->[0m [92m107.162.143.254[0m[94m (IPAddress)[0m
[92mcpanel.castletown.gov.im[0m[94m (FQDN)[0m [97m-->[0m [95ma_record[0m [97m-->[0m [92m77.72.0.174[0m[94m (IPAddress)[0m
[92mkdonline.gov.im[0m[94m (FQDN)[0m [97m-->[0m [95ma_record[0m [97m-->[0m [92m5.253.76.133[0m[94m (IPAddress)[0m
[92mgovernmenthouse.gov.im[0m[94m (FQDN)[0m [97m-->[0m [95ma_record[0m [97m-->[0m [92m107.162.143.254[0m[94m (IPAddress)[0m
[92mecommerce.gov.im[0m[94m (FQDN)[0m [97m-->[0m [95mmx_record[0m [97m-->[0m [92mmail.global.frontbridge.com[0m[94m (FQDN)[0m
[92mecommerce.gov.im[0m[94m (FQDN)[0m [97m-->[0m [95mns_record[0m [97m-->[0m [92mpebbles.iom.com[0m[94m (FQDN)[0m
[92mecommerce.gov.im[0m[94m (FQDN)[0m [97m-->[0m [95mns_record[0m [97m-->[0m [92mbarney.advsys.co.uk[0m[94m (FQDN)[0m
[92mshop.source.eu5.netsuite.com[0m[94m (FQDN)[0m [97m-->[0m [95ma_record[0m [97m-->[0m [92m158.101.211.28[0m[94m (IPAddress)[0m
[92muk.mx4.mx25.net[0m[94m (FQDN)[0m [97m-->[0m [95ma_record[0m [97m-->[0m [92m192.162.217.4[0m[94m (IPAddress)[0m
[92muk.mx3.mailanyone.net[0m[94m (FQDN)[0m [97m-->[0m [95ma_record[0m [97m-->[0m [92m192.162.217.4[0m[94m (IPAddress)[0m
[92m82.165.23.217.in-addr.arpa[0m[94m (FQDN)[0m [97m-->[0m [95mptr_record[0m [97m-->[0m [92mftp.dot.gov.im[0m[94m (FQDN)[0m
[92m107.162.154.0/24[0m[94m (Netblock)[0m [97m-->[0m [95mcontains[0m [97m-->[0m [92m107.162.154.130[0m[94m (IPAddress)[0m
[92m107.162.154.0/24[0m[94m (Netblock)[0m [97m-->[0m [95mcontains[0m [97m-->[0m [92m107.162.154.132[0m[94m (IPAddress)[0m
[92m35.213.128.0/18[0m[94m (Netblock)[0m [97m-->[0m [95mcontains[0m [97m-->[0m [92m35.213.158.26[0m[94m (IPAddress)[0m
[92m109.228.0.0/18[0m[94m (Netblock)[0m [97m-->[0m [95mcontains[0m [97m-->[0m [92m109.228.19.183[0m[94m (IPAddress)[0m
[92m10.0.0.0/8[0m[94m (Netblock)[0m [97m-->[0m [95mcontains[0m [97m-->[0m [92m10.10.10.10[0m[94m (IPAddress)[0m
[92m107.162.136.0/24[0m[94m (Netblock)[0m [97m-->[0m [95mcontains[0m [97m-->[0m [92m107.162.136.52[0m[94m (IPAddress)[0m
[92m217.23.160.0/22[0m[94m (Netblock)[0m [97m-->[0m [95mcontains[0m [97m-->[0m [92m217.23.160.50[0m[94m (IPAddress)[0m
[92m217.23.160.0/22[0m[94m (Netblock)[0m [97m-->[0m [95mcontains[0m [97m-->[0m [92m217.23.163.140[0m[94m (IPAddress)[0m
[92m217.23.160.0/22[0m[94m (Netblock)[0m [97m-->[0m [95mcontains[0m [97m-->[0m [92m217.23.161.141[0m[94m (IPAddress)[0m
[92m77.72.0.0/21[0m[94m (Netblock)[0m [97m-->[0m [95mcontains[0m [97m-->[0m [92m77.72.0.13[0m[94m (IPAddress)[0m
[92m193.219.111.0/24[0m[94m (Netblock)[0m [97m-->[0m [95mcontains[0m [97m-->[0m [92m193.219.111.246[0m[94m (IPAddress)[0m
[92m217.23.164.0/22[0m[94m (Netblock)[0m [97m-->[0m [95mcontains[0m [97m-->[0m [92m217.23.165.82[0m[94m (IPAddress)[0m
[92m213.137.0.0/19[0m[94m (Netblock)[0m [97m-->[0m [95mcontains[0m [97m-->[0m [92m213.137.31.21[0m[94m (IPAddress)[0m
[92m139.162.0.0/16[0m[94m (Netblock)[0m [97m-->[0m [95mcontains[0m [97m-->[0m [92m139.162.254.53[0m[94m (IPAddress)[0m
[92m69.20.95.0/24[0m[94m (Netblock)[0m [97m-->[0m [95mcontains[0m [97m-->[0m [92m69.20.95.4[0m[94m (IPAddress)[0m
[92m65.61.188.0/24[0m[94m (Netblock)[0m [97m-->[0m [95mcontains[0m [97m-->[0m [92m65.61.188.4[0m[94m (IPAddress)[0m
[92m20.0.0.0/11[0m[94m (Netblock)[0m [97m-->[0m [95mcontains[0m [97m-->[0m [92m20.26.15.11[0m[94m (IPAddress)[0m
[92m107.162.194.0/24[0m[94m (Netblock)[0m [97m-->[0m [95mcontains[0m [97m-->[0m [92m107.162.194.251[0m[94m (IPAddress)[0m
[92m195.10.102.0/24[0m[94m (Netblock)[0m [97m-->[0m [95mcontains[0m [97m-->[0m [92m195.10.102.4[0m[94m (IPAddress)[0m
[92m2a01:6a00::/29[0m[94m (Netblock)[0m [97m-->[0m [95mcontains[0m [97m-->[0m [92m2a01:6a00:0:3::3[0m[94m (IPAddress)[0m
[92m2a01:6a00::/29[0m[94m (Netblock)[0m [97m-->[0m [95mcontains[0m [97m-->[0m [92m2a01:6a00:0:4::3[0m[94m (IPAddress)[0m
[92m192.162.216.0/22[0m[94m (Netblock)[0m [97m-->[0m [95mcontains[0m [97m-->[0m [92m192.162.217.4[0m[94m (IPAddress)[0m
[92m55002[0m[94m (ASN)[0m [97m-->[0m [95mannounces[0m [97m-->[0m [92m107.162.136.0/24[0m[94m (Netblock)[0m
[92m55002[0m[94m (ASN)[0m [97m-->[0m [95mannounces[0m [97m-->[0m [92m107.162.194.0/24[0m[94m (Netblock)[0m
[92m15169[0m[94m (ASN)[0m [97m-->[0m [95mmanaged_by[0m [97m-->[0m [92mGOOGLE - Google LLC[0m[94m (RIROrganization)[0m
[92m15169[0m[94m (ASN)[0m [97m-->[0m [95mannounces[0m [97m-->[0m [92m35.213.128.0/18[0m[94m (Netblock)[0m
[92m0[0m[94m (ASN)[0m [97m-->[0m [95mmanaged_by[0m [97m-->[0m [92mReserved Network Address Blocks[0m[94m (RIROrganization)[0m
[92m0[0m[94m (ASN)[0m [97m-->[0m [95mannounces[0m [97m-->[0m [92m10.0.0.0/8[0m[94m (Netblock)[0m
[92m13122[0m[94m (ASN)[0m [97m-->[0m [95mannounces[0m [97m-->[0m [92m195.10.102.0/24[0m[94m (Netblock)[0m
[92m13122[0m[94m (ASN)[0m [97m-->[0m [95mannounces[0m [97m-->[0m [92m2a01:6a00::/29[0m[94m (Netblock)[0m
[92m15766[0m[94m (ASN)[0m [97m-->[0m [95mannounces[0m [97m-->[0m [92m217.23.160.0/22[0m[94m (Netblock)[0m
[92m15766[0m[94m (ASN)[0m [97m-->[0m [95mannounces[0m [97m-->[0m [92m217.23.164.0/22[0m[94m (Netblock)[0m
[92m63949[0m[94m (ASN)[0m [97m-->[0m [95mmanaged_by[0m [97m-->[0m [92mLINODE-AP Linode, LLC[0m[94m (RIROrganization)[0m
[92m63949[0m[94m (ASN)[0m [97m-->[0m [95mannounces[0m [97m-->[0m [92m139.162.0.0/16[0m[94m (Netblock)[0m
[92m33070[0m[94m (ASN)[0m [97m-->[0m [95mmanaged_by[0m [97m-->[0m [92mRMH-14 - Rackspace Hosting[0m[94m (RIROrganization)[0m
[92m33070[0m[94m (ASN)[0m [97m-->[0m [95mannounces[0m [97m-->[0m [92m69.20.95.0/24[0m[94m (Netblock)[0m
[92m15395[0m[94m (ASN)[0m [97m-->[0m [95mmanaged_by[0m [97m-->[0m [92mRACKSPACE-LON[0m[94m (RIROrganization)[0m
[92m15395[0m[94m (ASN)[0m [97m-->[0m [95mannounces[0m [97m-->[0m [92m65.61.188.0/24[0m[94m (Netblock)[0m
[92m8075[0m[94m (ASN)[0m [97m-->[0m [95mmanaged_by[0m [97m-->[0m [92mMICROSOFT-CORP-MSN-AS-BLOCK - Microsoft Corporation[0m[94m (RIROrganization)[0m
[92m8075[0m[94m (ASN)[0m [97m-->[0m [95mannounces[0m [97m-->[0m [92m20.0.0.0/11[0m[94m (Netblock)[0m
[92m56638[0m[94m (ASN)[0m [97m-->[0m [95mmanaged_by[0m [97m-->[0m [92mJ2-IRE-AS[0m[94m (RIROrganization)[0m
[92m56638[0m[94m (ASN)[0m [97m-->[0m [95mannounces[0m [97m-->[0m [92m192.162.216.0/22[0m[94m (Netblock)[0m
[92mdescdigitalservices.powerappsportals.com[0m[94m (FQDN)[0m [97m-->[0m [95mcname_record[0m [97m-->[0m [92mtm-6f517afe-26b5-49b7-9266-3dbeb7843c69.trafficmanager.net[0m[94m (FQDN)[0m
[92mtm-6f517afe-26b5-49b7-9266-3dbeb7843c69.trafficmanager.net[0m[94m (FQDN)[0m [97m-->[0m [95mcname_record[0m [97m-->[0m [92msite-6f517afe-26b5-49b7-9266-3dbeb7843c69-euw.azurewebsites.net[0m[94m (FQDN)[0m
[92m83.218.0.0/19[0m[94m (Netblock)[0m [97m-->[0m [95mcontains[0m [97m-->[0m [92m83.218.14.53[0m[94m (IPAddress)[0m
[92m15766[0m[94m (ASN)[0m [97m-->[0m [95mmanaged_by[0m [97m-->[0m [92mDOMICILIUM-AS, IM[0m[94m (RIROrganization)[0m
[92m15766[0m[94m (ASN)[0m [97m-->[0m [95mannounces[0m [97m-->[0m [92m83.218.0.0/19[0m[94m (Netblock)[0m
[92msite-6f517afe-26b5-49b7-9266-3dbeb7843c69-euw.azurewebsites.net[0m[94m (FQDN)[0m [97m-->[0m [95mcname_record[0m [97m-->[0m [92mwaws-prod-am2-383.sip.azurewebsites.windows.net[0m[94m (FQDN)[0m
[92mazuresendeventseu.cloudapp.net[0m[94m (FQDN)[0m [97m-->[0m [95ma_record[0m [97m-->[0m [92m0.0.0.0[0m[94m (IPAddress)[0m
[92mwaws-prod-am2-383.sip.azurewebsites.windows.net[0m[94m (FQDN)[0m [97m-->[0m [95mcname_record[0m [97m-->[0m [92mwaws-prod-am2-383-4f49.westeurope.cloudapp.azure.com[0m[94m (FQDN)[0m
[92muk.production.platform.citizenspace.com[0m[94m (FQDN)[0m [97m-->[0m [95ma_record[0m [97m-->[0m [92m18.132.115.154[0m[94m (IPAddress)[0m
[92muk.production.platform.citizenspace.com[0m[94m (FQDN)[0m [97m-->[0m [95ma_record[0m [97m-->[0m [92m35.176.167.128[0m[94m (IPAddress)[0m
[92mcustomdomain.smartsurvey.co.uk[0m[94m (FQDN)[0m [97m-->[0m [95mcname_record[0m [97m-->[0m [92mproxy.fallback.smartsurvey.com[0m[94m (FQDN)[0m
[92mmail.global.frontbridge.com[0m[94m (FQDN)[0m [97m-->[0m [95ma_record[0m [97m-->[0m [92m104.47.43.36[0m[94m (IPAddress)[0m
[92mwaws-prod-am2-383-4f49.westeurope.cloudapp.azure.com[0m[94m (FQDN)[0m [97m-->[0m [95ma_record[0m [97m-->[0m [92m20.50.2.29[0m[94m (IPAddress)[0m
[92m18.132.0.0/14[0m[94m (Netblock)[0m [97m-->[0m [95mcontains[0m [97m-->[0m [92m18.132.115.154[0m[94m (IPAddress)[0m
[92m35.176.0.0/13[0m[94m (Netblock)[0m [97m-->[0m [95mcontains[0m [97m-->[0m [92m35.176.167.128[0m[94m (IPAddress)[0m
[92m16509[0m[94m (ASN)[0m [97m-->[0m [95mannounces[0m [97m-->[0m [92m18.132.0.0/14[0m[94m (Netblock)[0m
[92m16509[0m[94m (ASN)[0m [97m-->[0m [95mannounces[0m [97m-->[0m [92m35.176.0.0/13[0m[94m (Netblock)[0m
[92m60.76.253.5.in-addr.arpa[0m[94m (FQDN)[0m [97m-->[0m [95mptr_record[0m [97m-->[0m [92mip-76-60.gov.im[0m[94m (FQDN)[0m
[92m0.0.0.0/24[0m[94m (Netblock)[0m [97m-->[0m [95mcontains[0m [97m-->[0m [92m0.0.0.0[0m[94m (IPAddress)[0m
[92m104.40.0.0/13[0m[94m (Netblock)[0m [97m-->[0m [95mcontains[0m [97m-->[0m [92m104.47.43.36[0m[94m (IPAddress)[0m
[92m20.48.0.0/12[0m[94m (Netblock)[0m [97m-->[0m [95mcontains[0m [97m-->[0m [92m20.50.2.29[0m[94m (IPAddress)[0m
[92m0[0m[94m (ASN)[0m [97m-->[0m [95mmanaged_by[0m [97m-->[0m [92mUnknown[0m[94m (RIROrganization)[0m
[92m0[0m[94m (ASN)[0m [97m-->[0m [95mannounces[0m [97m-->[0m [92m0.0.0.0/24[0m[94m (Netblock)[0m
[92m8075[0m[94m (ASN)[0m [97m-->[0m [95mannounces[0m [97m-->[0m [92m104.40.0.0/13[0m[94m (Netblock)[0m
[92m8075[0m[94m (ASN)[0m [97m-->[0m [95mannounces[0m [97m-->[0m [92m20.48.0.0/12[0m[94m (Netblock)[0m
[92mproxy.fallback.smartsurvey.com[0m[94m (FQDN)[0m [97m-->[0m [95ma_record[0m [97m-->[0m [92m104.17.190.36[0m[94m (IPAddress)[0m
[92mproxy.fallback.smartsurvey.com[0m[94m (FQDN)[0m [97m-->[0m [95ma_record[0m [97m-->[0m [92m104.17.189.36[0m[94m (IPAddress)[0m
[92mproxy.fallback.smartsurvey.com[0m[94m (FQDN)[0m [97m-->[0m [95maaaa_record[0m [97m-->[0m [92m2606:4700::6811:be24[0m[94m (IPAddress)[0m
[92mproxy.fallback.smartsurvey.com[0m[94m (FQDN)[0m [97m-->[0m [95maaaa_record[0m [97m-->[0m [92m2606:4700::6811:bd24[0m[94m (IPAddress)[0m
[92m104.17.176.0/20[0m[94m (Netblock)[0m [97m-->[0m [95mcontains[0m [97m-->[0m [92m104.17.190.36[0m[94m (IPAddress)[0m
[92m104.17.176.0/20[0m[94m (Netblock)[0m [97m-->[0m [95mcontains[0m [97m-->[0m [92m104.17.189.36[0m[94m (IPAddress)[0m
[92m2606:4700::/47[0m[94m (Netblock)[0m [97m-->[0m [95mcontains[0m [97m-->[0m [92m2606:4700::6811:be24[0m[94m (IPAddress)[0m
[92m2606:4700::/47[0m[94m (Netblock)[0m [97m-->[0m [95mcontains[0m [97m-->[0m [92m2606:4700::6811:bd24[0m[94m (IPAddress)[0m
[92m13335[0m[94m (ASN)[0m [97m-->[0m [95mannounces[0m [97m-->[0m [92m104.17.176.0/20[0m[94m (Netblock)[0m
[92m13335[0m[94m (ASN)[0m [97m-->[0m [95mannounces[0m [97m-->[0m [92m2606:4700::/47[0m[94m (Netblock)[0m
